// Jest Snapshot v1, https://goo.gl/fbAQLP

exports[`options tsClient.enabled 1`] = `
TSBuilder {
  "files": Array [],
  "options": Object {
    "bundle": Object {
      "bundleFile": "bundle.ts",
      "enabled": true,
      "scope": "contracts",
    },
    "client": Object {
      "enabled": true,
      "execExtendsQuery": true,
    },
    "messageComposer": Object {
      "enabled": false,
    },
    "reactQuery": Object {
      "camelize": true,
      "enabled": true,
      "mutations": false,
      "optionalClient": false,
      "queryKeys": false,
      "version": "v3",
    },
    "recoil": Object {
      "enabled": false,
    },
    "types": Object {
      "aliasExecuteMsg": false,
      "enabled": true,
    },
  },
}
`;

exports[`options undefined 1`] = `
TSBuilder {
  "files": Array [],
  "options": Object {
    "bundle": Object {
      "bundleFile": "bundle.ts",
      "enabled": true,
      "scope": "contracts",
    },
    "client": Object {
      "enabled": true,
      "execExtendsQuery": true,
    },
    "messageComposer": Object {
      "enabled": false,
    },
    "reactQuery": Object {
      "camelize": true,
      "enabled": false,
      "mutations": false,
      "optionalClient": false,
      "queryKeys": false,
      "version": "v3",
    },
    "recoil": Object {
      "enabled": false,
    },
    "types": Object {
      "aliasExecuteMsg": false,
      "enabled": true,
    },
  },
}
`;
